

================================================================
== Vivado HLS Report for 'call_Loop_LB2D_buf_p'
================================================================
* Date:           Mon Mar 16 18:02:57 2020

* Version:        2017.2 (Build 1909853 on Thu Jun 15 18:55:24 MDT 2017)
* Project:        conv2d_b2b
* Solution:       hls_target
* Product family: zynq
* Target device:  xc7z020clg484-1


================================================================
== Performance Estimates
================================================================
+ Timing (ns): 
    * Summary: 
    +--------+-------+----------+------------+
    |  Clock | Target| Estimated| Uncertainty|
    +--------+-------+----------+------------+
    |ap_clk  |   5.60|      5.87|        0.70|
    +--------+-------+----------+------------+

+ Latency (clock cycles): 
    * Summary: 
    +---------+---------+---------+---------+---------+
    |      Latency      |      Interval     | Pipeline|
    |   min   |   max   |   min   |   max   |   Type  |
    +---------+---------+---------+---------+---------+
    |  2077921|  2077921|  2077921|  2077921|   none  |
    +---------+---------+---------+---------+---------+

    + Detail: 
        * Instance: 
        N/A

        * Loop: 
        +---------------+---------+---------+----------+-----------+-----------+------+----------+
        |               |      Latency      | Iteration|  Initiation Interval  | Trip |          |
        |   Loop Name   |   min   |   max   |  Latency |  achieved |   target  | Count| Pipelined|
        +---------------+---------+---------+----------+-----------+-----------+------+----------+
        |- LB2D_buf     |  2077920|  2077920|      1924|          -|          -|  1080|    no    |
        | + LB2D_buf.1  |     1921|     1921|         3|          1|          1|  1920|    yes   |
        +---------------+---------+---------+----------+-----------+-----------+------+----------+



================================================================
== Utilization Estimates
================================================================
* Summary: 
+-----------------+---------+-------+--------+-------+
|       Name      | BRAM_18K| DSP48E|   FF   |  LUT  |
+-----------------+---------+-------+--------+-------+
|DSP              |        -|      -|       -|      -|
|Expression       |        -|      -|     470|    369|
|FIFO             |        -|      -|       -|      -|
|Instance         |        -|      -|       -|      -|
|Memory           |        8|      -|       0|      0|
|Multiplexer      |        -|      -|       -|    126|
|Register         |        -|      -|     317|      -|
+-----------------+---------+-------+--------+-------+
|Total            |        8|      0|     787|    495|
+-----------------+---------+-------+--------+-------+
|Available        |      280|    220|  106400|  53200|
+-----------------+---------+-------+--------+-------+
|Utilization (%)  |        2|      0|   ~0   |   ~0  |
+-----------------+---------+-------+--------+-------+

+ Detail: 
    * Instance: 
    N/A

    * DSP48: 
    N/A

    * Memory: 
    +--------------------+----------------------+---------+---+----+------+-----+------+-------------+
    |       Memory       |        Module        | BRAM_18K| FF| LUT| Words| Bits| Banks| W*Bits*Banks|
    +--------------------+----------------------+---------+---+----+------+-----+------+-------------+
    |buffer_0_value_V_U  |call_Loop_LB2D_bubkb  |        4|  0|   0|  1920|   32|     1|        61440|
    |buffer_1_value_V_U  |call_Loop_LB2D_bubkb  |        4|  0|   0|  1920|   32|     1|        61440|
    +--------------------+----------------------+---------+---+----+------+-----+------+-------------+
    |Total               |                      |        8|  0|   0|  3840|   64|     2|       122880|
    +--------------------+----------------------+---------+---+----+------+-----+------+-------------+

    * FIFO: 
    N/A

    * Expression: 
    +-----------------------------------+----------+-------+-----+----+------------+------------+
    |           Variable Name           | Operation| DSP48E|  FF | LUT| Bitwidth P0| Bitwidth P1|
    +-----------------------------------+----------+-------+-----+----+------------+------------+
    |col_1_fu_214_p2                    |     +    |      0|   38|  16|          11|           1|
    |row_1_fu_186_p2                    |     +    |      0|   38|  16|          11|           1|
    |write_idx_1_2_fu_285_p2            |     +    |      0|  197|  69|          64|           1|
    |write_idx_1_3_fu_244_p2            |     +    |      0|  197|  69|          64|           3|
    |ap_block_state4_pp0_stage0_iter1   |    and   |      0|    0|   2|           1|           1|
    |ap_block_state5_pp0_stage0_iter2   |    and   |      0|    0|   2|           1|           1|
    |ap_enable_state3_pp0_iter0_stage0  |    and   |      0|    0|   2|           1|           1|
    |ap_enable_state4_pp0_iter1_stage0  |    and   |      0|    0|   2|           1|           1|
    |ap_enable_state5_pp0_iter2_stage0  |    and   |      0|    0|   2|           1|           1|
    |ap_predicate_op38_load_state3      |    and   |      0|    0|   2|           1|           1|
    |start_write                        |    and   |      0|    0|   2|           1|           1|
    |icmp1_fu_238_p2                    |   icmp   |      0|    0|  32|          63|           1|
    |icmp_fu_202_p2                     |   icmp   |      0|    0|   5|          10|           1|
    |tmp_3_fu_208_p2                    |   icmp   |      0|    0|   6|          11|           9|
    |tmp_fu_180_p2                      |   icmp   |      0|    0|   6|          11|          11|
    |ap_block_pp0_stage0_flag00001001   |    or    |      0|    0|   2|           1|           1|
    |ap_block_state1                    |    or    |      0|    0|   2|           1|           1|
    |p_Val2_14_0_phi_fu_265_p3          |  select  |      0|    0|  32|           1|          32|
    |p_Val2_14_1_phi_fu_270_p3          |  select  |      0|    0|  32|           1|          32|
    |p_write_idx_1_1_fu_250_p3          |  select  |      0|    0|  64|           1|          64|
    |ap_enable_pp0                      |    xor   |      0|    0|   2|           1|           2|
    |ap_enable_reg_pp0_iter1            |    xor   |      0|    0|   2|           1|           2|
    +-----------------------------------+----------+-------+-----+----+------------+------------+
    |Total                              |          |      0|  470| 369|         259|         169|
    +-----------------------------------+----------+-------+-----+----+------------+------------+

    * Multiplexer: 
    +------------------------------+----+-----------+-----+-----------+
    |             Name             | LUT| Input Size| Bits| Total Bits|
    +------------------------------+----+-----------+-----+-----------+
    |ap_NS_fsm                     |  27|          5|    1|          5|
    |ap_done                       |   9|          2|    1|          2|
    |ap_enable_reg_pp0_iter1       |   9|          2|    1|          2|
    |ap_enable_reg_pp0_iter2       |   9|          2|    1|          2|
    |col_reg_169                   |   9|          2|   11|         22|
    |in_stream_V_value_V_blk_n     |   9|          2|    1|          2|
    |real_start                    |   9|          2|    1|          2|
    |row_reg_147                   |   9|          2|   11|         22|
    |slice_stream_V_value_V_blk_n  |   9|          2|    1|          2|
    |write_idx_1_1_phi_fu_161_p4   |   9|          2|   64|        128|
    |write_idx_1_1_reg_158         |   9|          2|   64|        128|
    |write_idx_1_reg_135           |   9|          2|   64|        128|
    +------------------------------+----+-----------+-----+-----------+
    |Total                         | 126|         27|  221|        445|
    +------------------------------+----+-----------+-----+-----------+

    * Register: 
    +----------------------------------------------+----+----+-----+-----------+
    |                     Name                     | FF | LUT| Bits| Const Bits|
    +----------------------------------------------+----+----+-----+-----------+
    |ap_CS_fsm                                     |   4|   0|    4|          0|
    |ap_done_reg                                   |   1|   0|    1|          0|
    |ap_enable_reg_pp0_iter0                       |   1|   0|    1|          0|
    |ap_enable_reg_pp0_iter1                       |   1|   0|    1|          0|
    |ap_enable_reg_pp0_iter2                       |   1|   0|    1|          0|
    |ap_reg_pp0_iter1_buffer_0_value_V_ad_reg_328  |  11|   0|   11|          0|
    |ap_reg_pp0_iter1_buffer_1_value_V_ad_reg_333  |  11|   0|   11|          0|
    |buffer_0_value_V_ad_reg_328                   |  11|   0|   11|          0|
    |buffer_0_value_V_lo_reg_362                   |  32|   0|   32|          0|
    |buffer_1_value_V_ad_reg_333                   |  11|   0|   11|          0|
    |buffer_1_value_V_lo_reg_356                   |  32|   0|   32|          0|
    |col_reg_169                                   |  11|   0|   11|          0|
    |icmp1_reg_313                                 |   1|   0|    1|          0|
    |icmp_reg_300                                  |   1|   0|    1|          0|
    |real_start_status_reg                         |   1|   0|    1|          0|
    |row_1_reg_295                                 |  11|   0|   11|          0|
    |row_reg_147                                   |  11|   0|   11|          0|
    |start_control_reg                             |   1|   0|    1|          0|
    |start_once_reg                                |   1|   0|    1|          0|
    |tmp_3_reg_304                                 |   1|   0|    1|          0|
    |tmp_8_reg_350                                 |   1|   0|    1|          0|
    |tmp_9_reg_368                                 |   1|   0|    1|          0|
    |tmp_value_V_4_reg_343                         |  32|   0|   32|          0|
    |write_idx_1_1_reg_158                         |  64|   0|   64|          0|
    |write_idx_1_reg_135                           |  64|   0|   64|          0|
    +----------------------------------------------+----+----+-----+-----------+
    |Total                                         | 317|   0|  317|          0|
    +----------------------------------------------+----+----+-----+-----------+



================================================================
== Interface
================================================================
* Summary: 
+-------------------------------+-----+-----+------------+------------------------+--------------+
|           RTL Ports           | Dir | Bits|  Protocol  |      Source Object     |    C Type    |
+-------------------------------+-----+-----+------------+------------------------+--------------+
|ap_clk                         |  in |    1| ap_ctrl_hs |  call_Loop_LB2D_buf_p  | return value |
|ap_rst                         |  in |    1| ap_ctrl_hs |  call_Loop_LB2D_buf_p  | return value |
|ap_start                       |  in |    1| ap_ctrl_hs |  call_Loop_LB2D_buf_p  | return value |
|start_full_n                   |  in |    1| ap_ctrl_hs |  call_Loop_LB2D_buf_p  | return value |
|ap_ready                       | out |    1| ap_ctrl_hs |  call_Loop_LB2D_buf_p  | return value |
|ap_done                        | out |    1| ap_ctrl_hs |  call_Loop_LB2D_buf_p  | return value |
|ap_continue                    |  in |    1| ap_ctrl_hs |  call_Loop_LB2D_buf_p  | return value |
|ap_idle                        | out |    1| ap_ctrl_hs |  call_Loop_LB2D_buf_p  | return value |
|start_out                      | out |    1| ap_ctrl_hs |  call_Loop_LB2D_buf_p  | return value |
|start_write                    | out |    1| ap_ctrl_hs |  call_Loop_LB2D_buf_p  | return value |
|in_stream_V_value_V_dout       |  in |   32|   ap_fifo  |   in_stream_V_value_V  |    pointer   |
|in_stream_V_value_V_empty_n    |  in |    1|   ap_fifo  |   in_stream_V_value_V  |    pointer   |
|in_stream_V_value_V_read       | out |    1|   ap_fifo  |   in_stream_V_value_V  |    pointer   |
|slice_stream_V_value_V_din     | out |   96|   ap_fifo  | slice_stream_V_value_V |    pointer   |
|slice_stream_V_value_V_full_n  |  in |    1|   ap_fifo  | slice_stream_V_value_V |    pointer   |
|slice_stream_V_value_V_write   | out |    1|   ap_fifo  | slice_stream_V_value_V |    pointer   |
+-------------------------------+-----+-----+------------+------------------------+--------------+

============================================================
+ Verbose Summary: Synthesis Manager
============================================================
InlineROM: 1
ExposeGlobal: 0
============================================================
+ Verbose Summary: CDFG Model
============================================================
IsTopModel: 0
ResetActiveHigh: 1
IsCombinational: 2
IsDatapathOnly: 0
HasWiredReturn: 1
HasMFsm: 0
HasVarLatency: 1
IsPipeline: 0
IsRtlPipelined: 0
IsInstanceOverlapped: 0
IsDontTouch: 0
HasImplIP: 0
IsGatedGlobalClock: 0

+ Individual pipeline summary: 
  * Pipeline-0: initiation interval (II) = 1, depth = 3


============================================================
+ Verbose Summary: Schedule
============================================================
* Number of FSM states: 6
* Pipeline: 1
  Pipeline-0: II = 1, D = 3, States = { 3 4 5 }
* Dataflow Pipeline: 0

* FSM state transitions: 
1 --> 
	2  / true
2 --> 
	3  / (!tmp)
3 --> 
	6  / (tmp_3)
	4  / (!tmp_3)
4 --> 
	5  / true
5 --> 
	3  / true
6 --> 
	2  / true
* FSM state operations: 

 <State 1>: 3.25ns
ST_1: StgValue_7 (3)  [1/1] 0.00ns
newFuncRoot:0  call void (...)* @_ssdm_op_SpecMemCore(i96* %slice_stream_V_value_V, [1 x i8]* @p_str, [9 x i8]* @p_str2, [1 x i8]* @p_str, i32 -1, [1 x i8]* @p_str, [1 x i8]* @p_str, [1 x i8]* @p_str, [1 x i8]* @p_str, [1 x i8]* @p_str)

ST_1: StgValue_8 (4)  [1/1] 0.00ns
newFuncRoot:1  call void (...)* @_ssdm_op_SpecMemCore(i32* %in_stream_V_value_V, [1 x i8]* @p_str, [9 x i8]* @p_str2, [1 x i8]* @p_str, i32 -1, [1 x i8]* @p_str, [1 x i8]* @p_str, [1 x i8]* @p_str, [1 x i8]* @p_str, [1 x i8]* @p_str)

ST_1: StgValue_9 (5)  [1/1] 0.00ns
newFuncRoot:2  call void (...)* @_ssdm_op_SpecInterface(i96* %slice_stream_V_value_V, [8 x i8]* @ap_fifo_str, i32 0, i32 0, [1 x i8]* @p_str, i32 0, i32 0, [1 x i8]* @p_str, [1 x i8]* @p_str, [1 x i8]* @p_str, i32 2, i32 2, i32 16, i32 16, [1 x i8]* @p_str, [1 x i8]* @p_str)

ST_1: StgValue_10 (6)  [1/1] 0.00ns
newFuncRoot:3  call void (...)* @_ssdm_op_SpecInterface(i32* %in_stream_V_value_V, [8 x i8]* @ap_fifo_str, i32 0, i32 0, [1 x i8]* @p_str, i32 0, i32 0, [1 x i8]* @p_str, [1 x i8]* @p_str, [1 x i8]* @p_str, i32 2, i32 2, i32 16, i32 16, [1 x i8]* @p_str, [1 x i8]* @p_str)

ST_1: buffer_0_value_V (7)  [1/1] 3.25ns  loc: ../../../lib_files/Linebuffer.h:168
newFuncRoot:4  %buffer_0_value_V = alloca [1920 x i32], align 4

ST_1: buffer_1_value_V (8)  [1/1] 3.25ns  loc: ../../../lib_files/Linebuffer.h:168
newFuncRoot:5  %buffer_1_value_V = alloca [1920 x i32], align 4

ST_1: StgValue_13 (9)  [1/1] 1.59ns
newFuncRoot:6  br label %0


 <State 2>: 5.01ns
ST_2: write_idx_1 (11)  [1/1] 0.00ns
:0  %write_idx_1 = phi i64 [ 0, %newFuncRoot ], [ %write_idx_1_2, %1 ]

ST_2: row (12)  [1/1] 0.00ns
:1  %row = phi i11 [ 0, %newFuncRoot ], [ %row_1, %1 ]

ST_2: tmp (13)  [1/1] 2.94ns  loc: ../../../lib_files/Linebuffer.h:177
:2  %tmp = icmp eq i11 %row, -968

ST_2: empty (14)  [1/1] 0.00ns
:3  %empty = call i32 (...)* @_ssdm_op_SpecLoopTripCount(i64 1080, i64 1080, i64 1080)

ST_2: row_1 (15)  [1/1] 2.33ns  loc: ../../../lib_files/Linebuffer.h:177
:4  %row_1 = add i11 %row, 1

ST_2: StgValue_19 (16)  [1/1] 0.00ns  loc: ../../../lib_files/Linebuffer.h:177
:5  br i1 %tmp, label %.preheader.exitStub, label %3

ST_2: StgValue_20 (18)  [1/1] 0.00ns  loc: ../../../lib_files/Linebuffer.h:177
:0  call void (...)* @_ssdm_op_SpecLoopName([9 x i8]* @p_str23) nounwind

ST_2: tmp_4 (19)  [1/1] 0.00ns  loc: ../../../lib_files/Linebuffer.h:177
:1  %tmp_4 = call i32 (...)* @_ssdm_op_SpecRegionBegin([9 x i8]* @p_str23)

ST_2: tmp_5 (20)  [1/1] 0.00ns  loc: ../../../lib_files/Linebuffer.h:187
:2  %tmp_5 = call i10 @_ssdm_op_PartSelect.i10.i11.i32.i32(i11 %row, i32 1, i32 10)

ST_2: icmp (21)  [1/1] 3.02ns  loc: ../../../lib_files/Linebuffer.h:187
:3  %icmp = icmp eq i10 %tmp_5, 0

ST_2: StgValue_24 (22)  [1/1] 1.59ns  loc: ../../../lib_files/Linebuffer.h:179
:4  br label %2

ST_2: StgValue_25 (70)  [1/1] 0.00ns
.preheader.exitStub:0  ret void


 <State 3>: 5.01ns
ST_3: write_idx_1_1 (24)  [1/1] 0.00ns  loc: ../../../lib_files/Linebuffer.h:211
:0  %write_idx_1_1 = phi i64 [ %write_idx_1, %3 ], [ %p_write_idx_1_1, %._crit_edge31 ]

ST_3: col (25)  [1/1] 0.00ns
:1  %col = phi i11 [ 0, %3 ], [ %col_1, %._crit_edge31 ]

ST_3: tmp_3 (26)  [1/1] 2.94ns  loc: ../../../lib_files/Linebuffer.h:179
:2  %tmp_3 = icmp eq i11 %col, -128

ST_3: col_1 (27)  [1/1] 2.33ns  loc: ../../../lib_files/Linebuffer.h:179
:3  %col_1 = add i11 %col, 1

ST_3: StgValue_30 (28)  [1/1] 0.00ns  loc: ../../../lib_files/Linebuffer.h:179
:4  br i1 %tmp_3, label %1, label %4

ST_3: col_cast (30)  [1/1] 0.00ns  loc: ../../../lib_files/Linebuffer.h:179
:0  %col_cast = zext i11 %col to i64

ST_3: tmp_7 (34)  [1/1] 0.00ns  loc: ../../../lib_files/Linebuffer.h:183
:4  %tmp_7 = call i63 @_ssdm_op_PartSelect.i63.i64.i32.i32(i64 %write_idx_1_1, i32 1, i32 63)

ST_3: icmp1 (35)  [1/1] 3.73ns  loc: ../../../lib_files/Linebuffer.h:183
:5  %icmp1 = icmp ne i63 %tmp_7, 0

ST_3: StgValue_34 (39)  [1/1] 0.00ns  loc: ../../../lib_files/Linebuffer.h:187
:9  br i1 %icmp, label %._crit_edge, label %.preheader56.preheader.critedge.0_ifconv

ST_3: buffer_0_value_V_ad_2 (42)  [1/1] 0.00ns  loc: ../../../lib_files/Linebuffer.h:198
.preheader56.preheader.critedge.0_ifconv:1  %buffer_0_value_V_ad_2 = getelementptr [1920 x i32]* %buffer_0_value_V, i64 0, i64 %col_cast

ST_3: buffer_1_value_V_ad_1 (43)  [1/1] 0.00ns  loc: ../../../lib_files/Linebuffer.h:198
.preheader56.preheader.critedge.0_ifconv:2  %buffer_1_value_V_ad_1 = getelementptr [1920 x i32]* %buffer_1_value_V, i64 0, i64 %col_cast

ST_3: buffer_1_value_V_lo (44)  [2/2] 3.25ns  loc: ../../../lib_files/Linebuffer.h:198
.preheader56.preheader.critedge.0_ifconv:3  %buffer_1_value_V_lo = load i32* %buffer_1_value_V_ad_1, align 4

ST_3: buffer_0_value_V_lo (45)  [2/2] 3.25ns  loc: ../../../lib_files/Linebuffer.h:198
.preheader56.preheader.critedge.0_ifconv:4  %buffer_0_value_V_lo = load i32* %buffer_0_value_V_ad_2, align 4

ST_3: buffer_0_value_V_ad (52)  [1/1] 0.00ns  loc: ../../../lib_files/Stencil.h:75->../../../lib_files/Linebuffer.h:209
._crit_edge:0  %buffer_0_value_V_ad = getelementptr [1920 x i32]* %buffer_0_value_V, i64 0, i64 %col_cast

ST_3: buffer_1_value_V_ad (53)  [1/1] 0.00ns  loc: ../../../lib_files/Stencil.h:75->../../../lib_files/Linebuffer.h:209
._crit_edge:1  %buffer_1_value_V_ad = getelementptr [1920 x i32]* %buffer_1_value_V, i64 0, i64 %col_cast


 <State 4>: 5.87ns
ST_4: write_idx_1_3 (36)  [1/1] 3.79ns  loc: ../../../lib_files/Linebuffer.h:184
:6  %write_idx_1_3 = add i64 %write_idx_1_1, -2

ST_4: p_write_idx_1_1 (37)  [1/1] 2.07ns  loc: ../../../lib_files/Linebuffer.h:183
:7  %p_write_idx_1_1 = select i1 %icmp1, i64 %write_idx_1_3, i64 %write_idx_1_1

ST_4: tmp_value_V_4 (38)  [1/1] 2.45ns  loc: ../../../lib_files/Linebuffer.h:186
:8  %tmp_value_V_4 = call i32 @_ssdm_op_Read.ap_fifo.volatile.i32P(i32* %in_stream_V_value_V)

ST_4: tmp_8 (41)  [1/1] 0.00ns  loc: ../../../lib_files/Linebuffer.h:183
.preheader56.preheader.critedge.0_ifconv:0  %tmp_8 = trunc i64 %p_write_idx_1_1 to i1

ST_4: buffer_1_value_V_lo (44)  [1/2] 3.25ns  loc: ../../../lib_files/Linebuffer.h:198
.preheader56.preheader.critedge.0_ifconv:3  %buffer_1_value_V_lo = load i32* %buffer_1_value_V_ad_1, align 4

ST_4: buffer_0_value_V_lo (45)  [1/2] 3.25ns  loc: ../../../lib_files/Linebuffer.h:198
.preheader56.preheader.critedge.0_ifconv:4  %buffer_0_value_V_lo = load i32* %buffer_0_value_V_ad_2, align 4

ST_4: tmp_9 (54)  [1/1] 0.00ns  loc: ../../../lib_files/Linebuffer.h:183
._crit_edge:2  %tmp_9 = trunc i64 %p_write_idx_1_1 to i1

ST_4: StgValue_48 (55)  [1/1] 0.00ns  loc: ../../../lib_files/Stencil.h:75->../../../lib_files/Linebuffer.h:209
._crit_edge:3  br i1 %tmp_9, label %branch5, label %branch4


 <State 5>: 4.52ns
ST_5: empty_36 (31)  [1/1] 0.00ns
:1  %empty_36 = call i32 (...)* @_ssdm_op_SpecLoopTripCount(i64 1920, i64 1920, i64 1920)

ST_5: tmp_6 (32)  [1/1] 0.00ns  loc: ../../../lib_files/Linebuffer.h:179
:2  %tmp_6 = call i32 (...)* @_ssdm_op_SpecRegionBegin([12 x i8]* @p_str36)

ST_5: StgValue_51 (33)  [1/1] 0.00ns  loc: ../../../lib_files/Linebuffer.h:181
:3  call void (...)* @_ssdm_op_SpecPipeline(i32 1, i32 1, i32 1, i32 0, [1 x i8]* @p_str) nounwind

ST_5: p_Val2_14_0_phi (46)  [1/1] 2.07ns  loc: ../../../lib_files/Linebuffer.h:198
.preheader56.preheader.critedge.0_ifconv:5  %p_Val2_14_0_phi = select i1 %tmp_8, i32 %buffer_1_value_V_lo, i32 %buffer_0_value_V_lo

ST_5: p_Val2_14_1_phi (47)  [1/1] 2.07ns  loc: ../../../lib_files/Linebuffer.h:198
.preheader56.preheader.critedge.0_ifconv:6  %p_Val2_14_1_phi = select i1 %tmp_8, i32 %buffer_0_value_V_lo, i32 %buffer_1_value_V_lo

ST_5: p_Result_s (48)  [1/1] 0.00ns  loc: ../../../lib_files/Linebuffer.h:206
.preheader56.preheader.critedge.0_ifconv:7  %p_Result_s = call i96 @_ssdm_op_BitConcatenate.i96.i32.i32.i32(i32 %tmp_value_V_4, i32 %p_Val2_14_1_phi, i32 %p_Val2_14_0_phi)

ST_5: StgValue_55 (49)  [1/1] 2.45ns  loc: ../../../lib_files/Linebuffer.h:207
.preheader56.preheader.critedge.0_ifconv:8  call void @_ssdm_op_Write.ap_fifo.volatile.i96P(i96* %slice_stream_V_value_V, i96 %p_Result_s)

ST_5: StgValue_56 (50)  [1/1] 0.00ns  loc: ../../../lib_files/Linebuffer.h:208
.preheader56.preheader.critedge.0_ifconv:9  br label %._crit_edge

ST_5: StgValue_57 (57)  [1/1] 3.25ns  loc: ../../../lib_files/Stencil.h:75->../../../lib_files/Linebuffer.h:209
branch4:0  store i32 %tmp_value_V_4, i32* %buffer_0_value_V_ad, align 4

ST_5: StgValue_58 (58)  [1/1] 0.00ns  loc: ../../../lib_files/Stencil.h:75->../../../lib_files/Linebuffer.h:209
branch4:1  br label %._crit_edge31

ST_5: StgValue_59 (60)  [1/1] 3.25ns  loc: ../../../lib_files/Stencil.h:75->../../../lib_files/Linebuffer.h:209
branch5:0  store i32 %tmp_value_V_4, i32* %buffer_1_value_V_ad, align 4

ST_5: StgValue_60 (61)  [1/1] 0.00ns  loc: ../../../lib_files/Stencil.h:75->../../../lib_files/Linebuffer.h:209
branch5:1  br label %._crit_edge31

ST_5: empty_35 (63)  [1/1] 0.00ns  loc: ../../../lib_files/Linebuffer.h:210
._crit_edge31:0  %empty_35 = call i32 (...)* @_ssdm_op_SpecRegionEnd([12 x i8]* @p_str36, i32 %tmp_6)

ST_5: StgValue_62 (64)  [1/1] 0.00ns  loc: ../../../lib_files/Linebuffer.h:179
._crit_edge31:1  br label %2


 <State 6>: 3.79ns
ST_6: write_idx_1_2 (66)  [1/1] 3.79ns  loc: ../../../lib_files/Linebuffer.h:211
:0  %write_idx_1_2 = add i64 %write_idx_1_1, 1

ST_6: empty_34 (67)  [1/1] 0.00ns  loc: ../../../lib_files/Linebuffer.h:212
:1  %empty_34 = call i32 (...)* @_ssdm_op_SpecRegionEnd([9 x i8]* @p_str23, i32 %tmp_4)

ST_6: StgValue_65 (68)  [1/1] 0.00ns  loc: ../../../lib_files/Linebuffer.h:177
:2  br label %0



============================================================
+ Verbose Summary: Binding
============================================================
STG Binding: 
---------------- STG Properties BEGIN ----------------
- Is combinational: 0
- Is one-state seq: 0
- Is datapath-only: 0
- Is pipelined: 0
- Is top level: 0
Port [ Return ] is wired: 1; IO mode=ap_ctrl_hs:ce=0
Port [ in_stream_V_value_V]:  wired=1; compound=1; hidden=0; nouse=0; global=0; static=0; extern=0; dir=0; type=3; pingpong=0; private_global=0; IO mode=ap_fifo:ce=0
Port [ slice_stream_V_value_V]:  wired=1; compound=1; hidden=0; nouse=0; global=0; static=0; extern=0; dir=1; type=3; pingpong=0; private_global=0; IO mode=ap_fifo:ce=0
---------------- STG Properties END ------------------

---------------- Datapath Model BEGIN ----------------

<LifeTime>
<method=bitvector/>
StgValue_7            (specmemcore      ) [ 0000000]
StgValue_8            (specmemcore      ) [ 0000000]
StgValue_9            (specinterface    ) [ 0000000]
StgValue_10           (specinterface    ) [ 0000000]
buffer_0_value_V      (alloca           ) [ 0011111]
buffer_1_value_V      (alloca           ) [ 0011111]
StgValue_13           (br               ) [ 0111111]
write_idx_1           (phi              ) [ 0011110]
row                   (phi              ) [ 0010000]
tmp                   (icmp             ) [ 0011111]
empty                 (speclooptripcount) [ 0000000]
row_1                 (add              ) [ 0111111]
StgValue_19           (br               ) [ 0000000]
StgValue_20           (specloopname     ) [ 0000000]
tmp_4                 (specregionbegin  ) [ 0001111]
tmp_5                 (partselect       ) [ 0000000]
icmp                  (icmp             ) [ 0001110]
StgValue_24           (br               ) [ 0011111]
StgValue_25           (ret              ) [ 0000000]
write_idx_1_1         (phi              ) [ 0001101]
col                   (phi              ) [ 0001000]
tmp_3                 (icmp             ) [ 0011111]
col_1                 (add              ) [ 0011111]
StgValue_30           (br               ) [ 0000000]
col_cast              (zext             ) [ 0000000]
tmp_7                 (partselect       ) [ 0000000]
icmp1                 (icmp             ) [ 0001100]
StgValue_34           (br               ) [ 0000000]
buffer_0_value_V_ad_2 (getelementptr    ) [ 0001100]
buffer_1_value_V_ad_1 (getelementptr    ) [ 0001100]
buffer_0_value_V_ad   (getelementptr    ) [ 0001110]
buffer_1_value_V_ad   (getelementptr    ) [ 0001110]
write_idx_1_3         (add              ) [ 0000000]
p_write_idx_1_1       (select           ) [ 0011011]
tmp_value_V_4         (read             ) [ 0001010]
tmp_8                 (trunc            ) [ 0001010]
buffer_1_value_V_lo   (load             ) [ 0001010]
buffer_0_value_V_lo   (load             ) [ 0001010]
tmp_9                 (trunc            ) [ 0001010]
StgValue_48           (br               ) [ 0000000]
empty_36              (speclooptripcount) [ 0000000]
tmp_6                 (specregionbegin  ) [ 0000000]
StgValue_51           (specpipeline     ) [ 0000000]
p_Val2_14_0_phi       (select           ) [ 0000000]
p_Val2_14_1_phi       (select           ) [ 0000000]
p_Result_s            (bitconcatenate   ) [ 0000000]
StgValue_55           (write            ) [ 0000000]
StgValue_56           (br               ) [ 0000000]
StgValue_57           (store            ) [ 0000000]
StgValue_58           (br               ) [ 0000000]
StgValue_59           (store            ) [ 0000000]
StgValue_60           (br               ) [ 0000000]
empty_35              (specregionend    ) [ 0000000]
StgValue_62           (br               ) [ 0011111]
write_idx_1_2         (add              ) [ 0111111]
empty_34              (specregionend    ) [ 0000000]
StgValue_65           (br               ) [ 0111111]
</LifeTime>

<model>

<comp_list>
<comp id="0" class="1000" name="in_stream_V_value_V">
<pin_list>
<pin id="1" dir="1" index="0" bw="1" slack="0"/>
</pin_list>
<bind>
<StgValue><ssdm name="in_stream_V_value_V"/></StgValue>
</bind>
</comp>

<comp id="2" class="1000" name="slice_stream_V_value_V">
<pin_list>
<pin id="3" dir="1" index="0" bw="1" slack="0"/>
</pin_list>
<bind>
<StgValue><ssdm name="slice_stream_V_value_V"/></StgValue>
</bind>
</comp>

<comp id="4" class="1001" name="const_4">
<pin_list>
<pin id="5" dir="1" index="0" bw="1" slack="2147483647"/>
</pin_list>
<bind>
<StgValue><ssdm name="_ssdm_op_SpecMemCore"/></StgValue>
</bind>
</comp>

<comp id="6" class="1001" name="const_6">
<pin_list>
<pin id="7" dir="1" index="0" bw="1" slack="2147483647"/>
</pin_list>
<bind>
<StgValue><ssdm name="p_str"/></StgValue>
</bind>
</comp>

<comp id="8" class="1001" name="const_8">
<pin_list>
<pin id="9" dir="1" index="0" bw="1" slack="2147483647"/>
</pin_list>
<bind>
<StgValue><ssdm name="p_str2"/></StgValue>
</bind>
</comp>

<comp id="10" class="1001" name="const_10">
<pin_list>
<pin id="11" dir="1" index="0" bw="1" slack="2147483647"/>
</pin_list>
<bind>
<StgValue><ssdm name=""/></StgValue>
</bind>
</comp>

<comp id="12" class="1001" name="const_12">
<pin_list>
<pin id="13" dir="1" index="0" bw="1" slack="2147483647"/>
</pin_list>
<bind>
<StgValue><ssdm name="_ssdm_op_SpecInterface"/></StgValue>
</bind>
</comp>

<comp id="14" class="1001" name="const_14">
<pin_list>
<pin id="15" dir="1" index="0" bw="1" slack="2147483647"/>
</pin_list>
<bind>
<StgValue><ssdm name="ap_fifo_str"/></StgValue>
</bind>
</comp>

<comp id="16" class="1001" name="const_16">
<pin_list>
<pin id="17" dir="1" index="0" bw="1" slack="2147483647"/>
</pin_list>
<bind>
<StgValue><ssdm name=""/></StgValue>
</bind>
</comp>

<comp id="18" class="1001" name="const_18">
<pin_list>
<pin id="19" dir="1" index="0" bw="1" slack="2147483647"/>
</pin_list>
<bind>
<StgValue><ssdm name=""/></StgValue>
</bind>
</comp>

<comp id="20" class="1001" name="const_20">
<pin_list>
<pin id="21" dir="1" index="0" bw="1" slack="2147483647"/>
</pin_list>
<bind>
<StgValue><ssdm name=""/></StgValue>
</bind>
</comp>

<comp id="22" class="1001" name="const_22">
<pin_list>
<pin id="23" dir="1" index="0" bw="1" slack="0"/>
</pin_list>
<bind>
<StgValue><ssdm name=""/></StgValue>
</bind>
</comp>

<comp id="24" class="1001" name="const_24">
<pin_list>
<pin id="25" dir="1" index="0" bw="1" slack="0"/>
</pin_list>
<bind>
<StgValue><ssdm name=""/></StgValue>
</bind>
</comp>

<comp id="26" class="1001" name="const_26">
<pin_list>
<pin id="27" dir="1" index="0" bw="1" slack="1"/>
</pin_list>
<bind>
<StgValue><ssdm name=""/></StgValue>
</bind>
</comp>

<comp id="28" class="1001" name="const_28">
<pin_list>
<pin id="29" dir="1" index="0" bw="1" slack="0"/>
</pin_list>
<bind>
<StgValue><ssdm name=""/></StgValue>
</bind>
</comp>

<comp id="30" class="1001" name="const_30">
<pin_list>
<pin id="31" dir="1" index="0" bw="1" slack="2147483647"/>
</pin_list>
<bind>
<StgValue><ssdm name="_ssdm_op_SpecLoopTripCount"/></StgValue>
</bind>
</comp>

<comp id="32" class="1001" name="const_32">
<pin_list>
<pin id="33" dir="1" index="0" bw="1" slack="2147483647"/>
</pin_list>
<bind>
<StgValue><ssdm name=""/></StgValue>
</bind>
</comp>

<comp id="34" class="1001" name="const_34">
<pin_list>
<pin id="35" dir="1" index="0" bw="1" slack="0"/>
</pin_list>
<bind>
<StgValue><ssdm name=""/></StgValue>
</bind>
</comp>

<comp id="36" class="1001" name="const_36">
<pin_list>
<pin id="37" dir="1" index="0" bw="1" slack="2147483647"/>
</pin_list>
<bind>
<StgValue><ssdm name="_ssdm_op_SpecLoopName"/></StgValue>
</bind>
</comp>

<comp id="38" class="1001" name="const_38">
<pin_list>
<pin id="39" dir="1" index="0" bw="1" slack="2147483647"/>
</pin_list>
<bind>
<StgValue><ssdm name="p_str23"/></StgValue>
</bind>
</comp>

<comp id="40" class="1001" name="const_40">
<pin_list>
<pin id="41" dir="1" index="0" bw="1" slack="2147483647"/>
</pin_list>
<bind>
<StgValue><ssdm name="_ssdm_op_SpecRegionBegin"/></StgValue>
</bind>
</comp>

<comp id="42" class="1001" name="const_42">
<pin_list>
<pin id="43" dir="1" index="0" bw="1" slack="0"/>
</pin_list>
<bind>
<StgValue><ssdm name="_ssdm_op_PartSelect.i10.i11.i32.i32"/></StgValue>
</bind>
</comp>

<comp id="44" class="1001" name="const_44">
<pin_list>
<pin id="45" dir="1" index="0" bw="1" slack="0"/>
</pin_list>
<bind>
<StgValue><ssdm name=""/></StgValue>
</bind>
</comp>

<comp id="46" class="1001" name="const_46">
<pin_list>
<pin id="47" dir="1" index="0" bw="1" slack="0"/>
</pin_list>
<bind>
<StgValue><ssdm name=""/></StgValue>
</bind>
</comp>

<comp id="48" class="1001" name="const_48">
<pin_list>
<pin id="49" dir="1" index="0" bw="1" slack="0"/>
</pin_list>
<bind>
<StgValue><ssdm name=""/></StgValue>
</bind>
</comp>

<comp id="50" class="1001" name="const_50">
<pin_list>
<pin id="51" dir="1" index="0" bw="1" slack="0"/>
</pin_list>
<bind>
<StgValue><ssdm name=""/></StgValue>
</bind>
</comp>

<comp id="52" class="1001" name="const_52">
<pin_list>
<pin id="53" dir="1" index="0" bw="1" slack="0"/>
</pin_list>
<bind>
<StgValue><ssdm name="_ssdm_op_PartSelect.i63.i64.i32.i32"/></StgValue>
</bind>
</comp>

<comp id="54" class="1001" name="const_54">
<pin_list>
<pin id="55" dir="1" index="0" bw="1" slack="0"/>
</pin_list>
<bind>
<StgValue><ssdm name=""/></StgValue>
</bind>
</comp>

<comp id="56" class="1001" name="const_56">
<pin_list>
<pin id="57" dir="1" index="0" bw="1" slack="0"/>
</pin_list>
<bind>
<StgValue><ssdm name=""/></StgValue>
</bind>
</comp>

<comp id="58" class="1001" name="const_58">
<pin_list>
<pin id="59" dir="1" index="0" bw="1" slack="0"/>
</pin_list>
<bind>
<StgValue><ssdm name=""/></StgValue>
</bind>
</comp>

<comp id="60" class="1001" name="const_60">
<pin_list>
<pin id="61" dir="1" index="0" bw="1" slack="0"/>
</pin_list>
<bind>
<StgValue><ssdm name="_ssdm_op_Read.ap_fifo.volatile.i32P"/></StgValue>
</bind>
</comp>

<comp id="62" class="1001" name="const_62">
<pin_list>
<pin id="63" dir="1" index="0" bw="1" slack="2147483647"/>
</pin_list>
<bind>
<StgValue><ssdm name=""/></StgValue>
</bind>
</comp>

<comp id="64" class="1001" name="const_64">
<pin_list>
<pin id="65" dir="1" index="0" bw="1" slack="2147483647"/>
</pin_list>
<bind>
<StgValue><ssdm name="p_str36"/></StgValue>
</bind>
</comp>

<comp id="66" class="1001" name="const_66">
<pin_list>
<pin id="67" dir="1" index="0" bw="1" slack="2147483647"/>
</pin_list>
<bind>
<StgValue><ssdm name="_ssdm_op_SpecPipeline"/></StgValue>
</bind>
</comp>

<comp id="68" class="1001" name="const_68">
<pin_list>
<pin id="69" dir="1" index="0" bw="1" slack="0"/>
</pin_list>
<bind>
<StgValue><ssdm name="_ssdm_op_BitConcatenate.i96.i32.i32.i32"/></StgValue>
</bind>
</comp>

<comp id="70" class="1001" name="const_70">
<pin_list>
<pin id="71" dir="1" index="0" bw="1" slack="0"/>
</pin_list>
<bind>
<StgValue><ssdm name="_ssdm_op_Write.ap_fifo.volatile.i96P"/></StgValue>
</bind>
</comp>

<comp id="72" class="1001" name="const_72">
<pin_list>
<pin id="73" dir="1" index="0" bw="1" slack="2147483647"/>
</pin_list>
<bind>
<StgValue><ssdm name="_ssdm_op_SpecRegionEnd"/></StgValue>
</bind>
</comp>

<comp id="74" class="1004" name="buffer_0_value_V_alloca_fu_74">
<pin_list>
<pin id="75" dir="0" index="0" bw="1" slack="0"/>
<pin id="76" dir="1" index="1" bw="32" slack="2147483647"/>
</pin_list>
<bind>
<opcode="alloca(26) " fcode="alloca"/>
<opset="buffer_0_value_V/1 "/>
</bind>
</comp>

<comp id="78" class="1004" name="buffer_1_value_V_alloca_fu_78">
<pin_list>
<pin id="79" dir="0" index="0" bw="1" slack="0"/>
<pin id="80" dir="1" index="1" bw="32" slack="2147483647"/>
</pin_list>
<bind>
<opcode="alloca(26) " fcode="alloca"/>
<opset="buffer_1_value_V/1 "/>
</bind>
</comp>

<comp id="82" class="1004" name="tmp_value_V_4_read_fu_82">
<pin_list>
<pin id="83" dir="0" index="0" bw="32" slack="0"/>
<pin id="84" dir="0" index="1" bw="32" slack="0"/>
<pin id="85" dir="1" index="2" bw="32" slack="1"/>
</pin_list>
<bind>
<opcode="read(1150) " fcode="read"/>
<opset="tmp_value_V_4/4 "/>
</bind>
</comp>

<comp id="88" class="1004" name="StgValue_55_write_fu_88">
<pin_list>
<pin id="89" dir="0" index="0" bw="0" slack="0"/>
<pin id="90" dir="0" index="1" bw="96" slack="0"/>
<pin id="91" dir="0" index="2" bw="96" slack="0"/>
<pin id="92" dir="1" index="3" bw="0" slack="2147483647"/>
</pin_list>
<bind>
<opcode="write(1151) " fcode="write"/>
<opset="StgValue_55/5 "/>
</bind>
</comp>

<comp id="95" class="1004" name="buffer_0_value_V_ad_2_gep_fu_95">
<pin_list>
<pin id="96" dir="0" index="0" bw="32" slack="2147483647"/>
<pin id="97" dir="0" index="1" bw="1" slack="0"/>
<pin id="98" dir="0" index="2" bw="11" slack="0"/>
<pin id="99" dir="1" index="3" bw="11" slack="0"/>
</pin_list>
<bind>
<opcode="getelementptr(29) " fcode="getelementptr"/>
<opset="buffer_0_value_V_ad_2/3 "/>
</bind>
</comp>

<comp id="101" class="1004" name="buffer_1_value_V_ad_1_gep_fu_101">
<pin_list>
<pin id="102" dir="0" index="0" bw="32" slack="2147483647"/>
<pin id="103" dir="0" index="1" bw="1" slack="0"/>
<pin id="104" dir="0" index="2" bw="11" slack="0"/>
<pin id="105" dir="1" index="3" bw="11" slack="0"/>
</pin_list>
<bind>
<opcode="getelementptr(29) " fcode="getelementptr"/>
<opset="buffer_1_value_V_ad_1/3 "/>
</bind>
</comp>

<comp id="107" class="1004" name="grp_access_fu_107">
<pin_list>
<pin id="108" dir="0" index="0" bw="11" slack="0"/>
<pin id="109" dir="0" index="1" bw="32" slack="2147483647"/>
<pin id="132" dir="0" index="3" bw="11" slack="2"/>
<pin id="133" dir="0" index="4" bw="32" slack="1"/>
<pin id="110" dir="1" index="2" bw="32" slack="1"/>
<pin id="134" dir="1" index="5" bw="32" slack="2147483647"/>
</pin_list>
<bind>
<opcode="load(27) store(28) " fcode="store"/>
<opset="buffer_1_value_V_lo/3 StgValue_59/5 "/>
</bind>
</comp>

<comp id="112" class="1004" name="grp_access_fu_112">
<pin_list>
<pin id="113" dir="0" index="0" bw="11" slack="0"/>
<pin id="114" dir="0" index="1" bw="32" slack="2147483647"/>
<pin id="129" dir="0" index="3" bw="11" slack="2"/>
<pin id="130" dir="0" index="4" bw="32" slack="1"/>
<pin id="115" dir="1" index="2" bw="32" slack="1"/>
<pin id="131" dir="1" index="5" bw="32" slack="2147483647"/>
</pin_list>
<bind>
<opcode="load(27) store(28) " fcode="store"/>
<opset="buffer_0_value_V_lo/3 StgValue_57/5 "/>
</bind>
</comp>

<comp id="117" class="1004" name="buffer_0_value_V_ad_gep_fu_117">
<pin_list>
<pin id="118" dir="0" index="0" bw="32" slack="2147483647"/>
<pin id="119" dir="0" index="1" bw="1" slack="0"/>
<pin id="120" dir="0" index="2" bw="11" slack="0"/>
<pin id="121" dir="1" index="3" bw="11" slack="2"/>
</pin_list>
<bind>
<opcode="getelementptr(29) " fcode="getelementptr"/>
<opset="buffer_0_value_V_ad/3 "/>
</bind>
</comp>

<comp id="123" class="1004" name="buffer_1_value_V_ad_gep_fu_123">
<pin_list>
<pin id="124" dir="0" index="0" bw="32" slack="2147483647"/>
<pin id="125" dir="0" index="1" bw="1" slack="0"/>
<pin id="126" dir="0" index="2" bw="11" slack="0"/>
<pin id="127" dir="1" index="3" bw="11" slack="2"/>
</pin_list>
<bind>
<opcode="getelementptr(29) " fcode="getelementptr"/>
<opset="buffer_1_value_V_ad/3 "/>
</bind>
</comp>

<comp id="135" class="1005" name="write_idx_1_reg_135">
<pin_list>
<pin id="136" dir="0" index="0" bw="64" slack="1"/>
<pin id="137" dir="1" index="1" bw="64" slack="1"/>
</pin_list>
<bind>
<opset="write_idx_1 (phireg) "/>
</bind>
</comp>

<comp id="139" class="1004" name="write_idx_1_phi_fu_139">
<pin_list>
<pin id="140" dir="0" index="0" bw="1" slack="1"/>
<pin id="141" dir="0" index="1" bw="0" slack="2147483647"/>
<pin id="142" dir="0" index="2" bw="64" slack="1"/>
<pin id="143" dir="0" index="3" bw="0" slack="2147483647"/>
<pin id="144" dir="1" index="4" bw="64" slack="1"/>
</pin_list>
<bind>
<opcode="phi(47) " fcode="phi"/>
<opset="write_idx_1/2 "/>
</bind>
</comp>

<comp id="147" class="1005" name="row_reg_147">
<pin_list>
<pin id="148" dir="0" index="0" bw="11" slack="1"/>
<pin id="149" dir="1" index="1" bw="11" slack="1"/>
</pin_list>
<bind>
<opset="row (phireg) "/>
</bind>
</comp>

<comp id="151" class="1004" name="row_phi_fu_151">
<pin_list>
<pin id="152" dir="0" index="0" bw="1" slack="1"/>
<pin id="153" dir="0" index="1" bw="0" slack="2147483647"/>
<pin id="154" dir="0" index="2" bw="11" slack="0"/>
<pin id="155" dir="0" index="3" bw="0" slack="2147483647"/>
<pin id="156" dir="1" index="4" bw="11" slack="0"/>
</pin_list>
<bind>
<opcode="phi(47) " fcode="phi"/>
<opset="row/2 "/>
</bind>
</comp>

<comp id="158" class="1005" name="write_idx_1_1_reg_158">
<pin_list>
<pin id="159" dir="0" index="0" bw="64" slack="1"/>
<pin id="160" dir="1" index="1" bw="64" slack="1"/>
</pin_list>
<bind>
<opset="write_idx_1_1 (phireg) "/>
</bind>
</comp>

<comp id="161" class="1004" name="write_idx_1_1_phi_fu_161">
<pin_list>
<pin id="162" dir="0" index="0" bw="64" slack="1"/>
<pin id="163" dir="0" index="1" bw="0" slack="2147483647"/>
<pin id="164" dir="0" index="2" bw="64" slack="1"/>
<pin id="165" dir="0" index="3" bw="0" slack="2147483647"/>
<pin id="166" dir="1" index="4" bw="64" slack="0"/>
</pin_list>
<bind>
<opcode="phi(47) " fcode="phi"/>
<opset="write_idx_1_1/3 "/>
</bind>
</comp>

<comp id="169" class="1005" name="col_reg_169">
<pin_list>
<pin id="170" dir="0" index="0" bw="11" slack="1"/>
<pin id="171" dir="1" index="1" bw="11" slack="1"/>
</pin_list>
<bind>
<opset="col (phireg) "/>
</bind>
</comp>

<comp id="173" class="1004" name="col_phi_fu_173">
<pin_list>
<pin id="174" dir="0" index="0" bw="1" slack="1"/>
<pin id="175" dir="0" index="1" bw="0" slack="2147483647"/>
<pin id="176" dir="0" index="2" bw="11" slack="0"/>
<pin id="177" dir="0" index="3" bw="0" slack="2147483647"/>
<pin id="178" dir="1" index="4" bw="11" slack="0"/>
</pin_list>
<bind>
<opcode="phi(47) " fcode="phi"/>
<opset="col/3 "/>
</bind>
</comp>

<comp id="180" class="1004" name="tmp_fu_180">
<pin_list>
<pin id="181" dir="0" index="0" bw="11" slack="0"/>
<pin id="182" dir="0" index="1" bw="11" slack="0"/>
<pin id="183" dir="1" index="2" bw="1" slack="1"/>
</pin_list>
<bind>
<opcode="icmp(45) " fcode="icmp"/>
<opset="tmp/2 "/>
</bind>
</comp>

<comp id="186" class="1004" name="row_1_fu_186">
<pin_list>
<pin id="187" dir="0" index="0" bw="11" slack="0"/>
<pin id="188" dir="0" index="1" bw="1" slack="0"/>
<pin id="189" dir="1" index="2" bw="11" slack="0"/>
</pin_list>
<bind>
<opcode="add(8) " fcode="add"/>
<opset="row_1/2 "/>
</bind>
</comp>

<comp id="192" class="1004" name="tmp_5_fu_192">
<pin_list>
<pin id="193" dir="0" index="0" bw="10" slack="0"/>
<pin id="194" dir="0" index="1" bw="11" slack="0"/>
<pin id="195" dir="0" index="2" bw="1" slack="0"/>
<pin id="196" dir="0" index="3" bw="5" slack="0"/>
<pin id="197" dir="1" index="4" bw="10" slack="0"/>
</pin_list>
<bind>
<opcode="partselect(1002) " fcode="partselect"/>
<opset="tmp_5/2 "/>
</bind>
</comp>

<comp id="202" class="1004" name="icmp_fu_202">
<pin_list>
<pin id="203" dir="0" index="0" bw="10" slack="0"/>
<pin id="204" dir="0" index="1" bw="10" slack="0"/>
<pin id="205" dir="1" index="2" bw="1" slack="1"/>
</pin_list>
<bind>
<opcode="icmp(45) " fcode="icmp"/>
<opset="icmp/2 "/>
</bind>
</comp>

<comp id="208" class="1004" name="tmp_3_fu_208">
<pin_list>
<pin id="209" dir="0" index="0" bw="11" slack="0"/>
<pin id="210" dir="0" index="1" bw="11" slack="0"/>
<pin id="211" dir="1" index="2" bw="1" slack="1"/>
</pin_list>
<bind>
<opcode="icmp(45) " fcode="icmp"/>
<opset="tmp_3/3 "/>
</bind>
</comp>

<comp id="214" class="1004" name="col_1_fu_214">
<pin_list>
<pin id="215" dir="0" index="0" bw="11" slack="0"/>
<pin id="216" dir="0" index="1" bw="1" slack="0"/>
<pin id="217" dir="1" index="2" bw="11" slack="0"/>
</pin_list>
<bind>
<opcode="add(8) " fcode="add"/>
<opset="col_1/3 "/>
</bind>
</comp>

<comp id="220" class="1004" name="col_cast_fu_220">
<pin_list>
<pin id="221" dir="0" index="0" bw="11" slack="0"/>
<pin id="222" dir="1" index="1" bw="64" slack="0"/>
</pin_list>
<bind>
<opcode="zext(34) " fcode="zext"/>
<opset="col_cast/3 "/>
</bind>
</comp>

<comp id="228" class="1004" name="tmp_7_fu_228">
<pin_list>
<pin id="229" dir="0" index="0" bw="63" slack="0"/>
<pin id="230" dir="0" index="1" bw="64" slack="0"/>
<pin id="231" dir="0" index="2" bw="1" slack="0"/>
<pin id="232" dir="0" index="3" bw="7" slack="0"/>
<pin id="233" dir="1" index="4" bw="63" slack="0"/>
</pin_list>
<bind>
<opcode="partselect(1002) " fcode="partselect"/>
<opset="tmp_7/3 "/>
</bind>
</comp>

<comp id="238" class="1004" name="icmp1_fu_238">
<pin_list>
<pin id="239" dir="0" index="0" bw="63" slack="0"/>
<pin id="240" dir="0" index="1" bw="63" slack="0"/>
<pin id="241" dir="1" index="2" bw="1" slack="1"/>
</pin_list>
<bind>
<opcode="icmp(45) " fcode="icmp"/>
<opset="icmp1/3 "/>
</bind>
</comp>

<comp id="244" class="1004" name="write_idx_1_3_fu_244">
<pin_list>
<pin id="245" dir="0" index="0" bw="64" slack="1"/>
<pin id="246" dir="0" index="1" bw="2" slack="0"/>
<pin id="247" dir="1" index="2" bw="64" slack="0"/>
</pin_list>
<bind>
<opcode="add(8) " fcode="add"/>
<opset="write_idx_1_3/4 "/>
</bind>
</comp>

<comp id="250" class="1004" name="p_write_idx_1_1_fu_250">
<pin_list>
<pin id="251" dir="0" index="0" bw="1" slack="1"/>
<pin id="252" dir="0" index="1" bw="64" slack="0"/>
<pin id="253" dir="0" index="2" bw="64" slack="1"/>
<pin id="254" dir="1" index="3" bw="64" slack="0"/>
</pin_list>
<bind>
<opcode="select(49) " fcode="select"/>
<opset="p_write_idx_1_1/4 "/>
</bind>
</comp>

<comp id="257" class="1004" name="tmp_8_fu_257">
<pin_list>
<pin id="258" dir="0" index="0" bw="64" slack="0"/>
<pin id="259" dir="1" index="1" bw="1" slack="1"/>
</pin_list>
<bind>
<opcode="trunc(33) " fcode="trunc"/>
<opset="tmp_8/4 "/>
</bind>
</comp>

<comp id="261" class="1004" name="tmp_9_fu_261">
<pin_list>
<pin id="262" dir="0" index="0" bw="64" slack="0"/>
<pin id="263" dir="1" index="1" bw="1" slack="1"/>
</pin_list>
<bind>
<opcode="trunc(33) " fcode="trunc"/>
<opset="tmp_9/4 "/>
</bind>
</comp>

<comp id="265" class="1004" name="p_Val2_14_0_phi_fu_265">
<pin_list>
<pin id="266" dir="0" index="0" bw="1" slack="1"/>
<pin id="267" dir="0" index="1" bw="32" slack="1"/>
<pin id="268" dir="0" index="2" bw="32" slack="1"/>
<pin id="269" dir="1" index="3" bw="32" slack="0"/>
</pin_list>
<bind>
<opcode="select(49) " fcode="select"/>
<opset="p_Val2_14_0_phi/5 "/>
</bind>
</comp>

<comp id="270" class="1004" name="p_Val2_14_1_phi_fu_270">
<pin_list>
<pin id="271" dir="0" index="0" bw="1" slack="1"/>
<pin id="272" dir="0" index="1" bw="32" slack="1"/>
<pin id="273" dir="0" index="2" bw="32" slack="1"/>
<pin id="274" dir="1" index="3" bw="32" slack="0"/>
</pin_list>
<bind>
<opcode="select(49) " fcode="select"/>
<opset="p_Val2_14_1_phi/5 "/>
</bind>
</comp>

<comp id="275" class="1004" name="p_Result_s_fu_275">
<pin_list>
<pin id="276" dir="0" index="0" bw="96" slack="0"/>
<pin id="277" dir="0" index="1" bw="32" slack="1"/>
<pin id="278" dir="0" index="2" bw="32" slack="0"/>
<pin id="279" dir="0" index="3" bw="32" slack="0"/>
<pin id="280" dir="1" index="4" bw="96" slack="0"/>
</pin_list>
<bind>
<opcode="bitconcatenate(1004) " fcode="bitconcatenate"/>
<opset="p_Result_s/5 "/>
</bind>
</comp>

<comp id="285" class="1004" name="write_idx_1_2_fu_285">
<pin_list>
<pin id="286" dir="0" index="0" bw="64" slack="1"/>
<pin id="287" dir="0" index="1" bw="1" slack="0"/>
<pin id="288" dir="1" index="2" bw="64" slack="1"/>
</pin_list>
<bind>
<opcode="add(8) " fcode="add"/>
<opset="write_idx_1_2/6 "/>
</bind>
</comp>

<comp id="291" class="1005" name="tmp_reg_291">
<pin_list>
<pin id="292" dir="0" index="0" bw="1" slack="1"/>
<pin id="293" dir="1" index="1" bw="1" slack="2147483647"/>
</pin_list>
<bind>
<opset="tmp "/>
</bind>
</comp>

<comp id="295" class="1005" name="row_1_reg_295">
<pin_list>
<pin id="296" dir="0" index="0" bw="11" slack="0"/>
<pin id="297" dir="1" index="1" bw="11" slack="0"/>
</pin_list>
<bind>
<opset="row_1 "/>
</bind>
</comp>

<comp id="300" class="1005" name="icmp_reg_300">
<pin_list>
<pin id="301" dir="0" index="0" bw="1" slack="1"/>
<pin id="302" dir="1" index="1" bw="1" slack="2147483647"/>
</pin_list>
<bind>
<opset="icmp "/>
</bind>
</comp>

<comp id="304" class="1005" name="tmp_3_reg_304">
<pin_list>
<pin id="305" dir="0" index="0" bw="1" slack="1"/>
<pin id="306" dir="1" index="1" bw="1" slack="2147483647"/>
</pin_list>
<bind>
<opset="tmp_3 "/>
</bind>
</comp>

<comp id="308" class="1005" name="col_1_reg_308">
<pin_list>
<pin id="309" dir="0" index="0" bw="11" slack="0"/>
<pin id="310" dir="1" index="1" bw="11" slack="0"/>
</pin_list>
<bind>
<opset="col_1 "/>
</bind>
</comp>

<comp id="313" class="1005" name="icmp1_reg_313">
<pin_list>
<pin id="314" dir="0" index="0" bw="1" slack="1"/>
<pin id="315" dir="1" index="1" bw="1" slack="1"/>
</pin_list>
<bind>
<opset="icmp1 "/>
</bind>
</comp>

<comp id="318" class="1005" name="buffer_0_value_V_ad_2_reg_318">
<pin_list>
<pin id="319" dir="0" index="0" bw="11" slack="1"/>
<pin id="320" dir="1" index="1" bw="11" slack="1"/>
</pin_list>
<bind>
<opset="buffer_0_value_V_ad_2 "/>
</bind>
</comp>

<comp id="323" class="1005" name="buffer_1_value_V_ad_1_reg_323">
<pin_list>
<pin id="324" dir="0" index="0" bw="11" slack="1"/>
<pin id="325" dir="1" index="1" bw="11" slack="1"/>
</pin_list>
<bind>
<opset="buffer_1_value_V_ad_1 "/>
</bind>
</comp>

<comp id="328" class="1005" name="buffer_0_value_V_ad_reg_328">
<pin_list>
<pin id="329" dir="0" index="0" bw="11" slack="2"/>
<pin id="330" dir="1" index="1" bw="11" slack="2"/>
</pin_list>
<bind>
<opset="buffer_0_value_V_ad "/>
</bind>
</comp>

<comp id="333" class="1005" name="buffer_1_value_V_ad_reg_333">
<pin_list>
<pin id="334" dir="0" index="0" bw="11" slack="2"/>
<pin id="335" dir="1" index="1" bw="11" slack="2"/>
</pin_list>
<bind>
<opset="buffer_1_value_V_ad "/>
</bind>
</comp>

<comp id="338" class="1005" name="p_write_idx_1_1_reg_338">
<pin_list>
<pin id="339" dir="0" index="0" bw="64" slack="1"/>
<pin id="340" dir="1" index="1" bw="64" slack="1"/>
</pin_list>
<bind>
<opset="p_write_idx_1_1 "/>
</bind>
</comp>

<comp id="343" class="1005" name="tmp_value_V_4_reg_343">
<pin_list>
<pin id="344" dir="0" index="0" bw="32" slack="1"/>
<pin id="345" dir="1" index="1" bw="32" slack="1"/>
</pin_list>
<bind>
<opset="tmp_value_V_4 "/>
</bind>
</comp>

<comp id="350" class="1005" name="tmp_8_reg_350">
<pin_list>
<pin id="351" dir="0" index="0" bw="1" slack="1"/>
<pin id="352" dir="1" index="1" bw="1" slack="1"/>
</pin_list>
<bind>
<opset="tmp_8 "/>
</bind>
</comp>

<comp id="356" class="1005" name="buffer_1_value_V_lo_reg_356">
<pin_list>
<pin id="357" dir="0" index="0" bw="32" slack="1"/>
<pin id="358" dir="1" index="1" bw="32" slack="1"/>
</pin_list>
<bind>
<opset="buffer_1_value_V_lo "/>
</bind>
</comp>

<comp id="362" class="1005" name="buffer_0_value_V_lo_reg_362">
<pin_list>
<pin id="363" dir="0" index="0" bw="32" slack="1"/>
<pin id="364" dir="1" index="1" bw="32" slack="1"/>
</pin_list>
<bind>
<opset="buffer_0_value_V_lo "/>
</bind>
</comp>

<comp id="368" class="1005" name="tmp_9_reg_368">
<pin_list>
<pin id="369" dir="0" index="0" bw="1" slack="1"/>
<pin id="370" dir="1" index="1" bw="1" slack="2147483647"/>
</pin_list>
<bind>
<opset="tmp_9 "/>
</bind>
</comp>

<comp id="372" class="1005" name="write_idx_1_2_reg_372">
<pin_list>
<pin id="373" dir="0" index="0" bw="64" slack="1"/>
<pin id="374" dir="1" index="1" bw="64" slack="1"/>
</pin_list>
<bind>
<opset="write_idx_1_2 "/>
</bind>
</comp>

</comp_list>

<net_list>
<net id="77"><net_src comp="22" pin="0"/><net_sink comp="74" pin=0"/></net>

<net id="81"><net_src comp="22" pin="0"/><net_sink comp="78" pin=0"/></net>

<net id="86"><net_src comp="60" pin="0"/><net_sink comp="82" pin=0"/></net>

<net id="87"><net_src comp="0" pin="0"/><net_sink comp="82" pin=1"/></net>

<net id="93"><net_src comp="70" pin="0"/><net_sink comp="88" pin=0"/></net>

<net id="94"><net_src comp="2" pin="0"/><net_sink comp="88" pin=1"/></net>

<net id="100"><net_src comp="24" pin="0"/><net_sink comp="95" pin=1"/></net>

<net id="106"><net_src comp="24" pin="0"/><net_sink comp="101" pin=1"/></net>

<net id="111"><net_src comp="101" pin="3"/><net_sink comp="107" pin=0"/></net>

<net id="116"><net_src comp="95" pin="3"/><net_sink comp="112" pin=0"/></net>

<net id="122"><net_src comp="24" pin="0"/><net_sink comp="117" pin=1"/></net>

<net id="128"><net_src comp="24" pin="0"/><net_sink comp="123" pin=1"/></net>

<net id="138"><net_src comp="24" pin="0"/><net_sink comp="135" pin=0"/></net>

<net id="145"><net_src comp="135" pin="1"/><net_sink comp="139" pin=0"/></net>

<net id="146"><net_src comp="139" pin="4"/><net_sink comp="135" pin=0"/></net>

<net id="150"><net_src comp="26" pin="0"/><net_sink comp="147" pin=0"/></net>

<net id="157"><net_src comp="147" pin="1"/><net_sink comp="151" pin=0"/></net>

<net id="167"><net_src comp="135" pin="1"/><net_sink comp="161" pin=0"/></net>

<net id="168"><net_src comp="161" pin="4"/><net_sink comp="158" pin=0"/></net>

<net id="172"><net_src comp="26" pin="0"/><net_sink comp="169" pin=0"/></net>

<net id="179"><net_src comp="169" pin="1"/><net_sink comp="173" pin=0"/></net>

<net id="184"><net_src comp="151" pin="4"/><net_sink comp="180" pin=0"/></net>

<net id="185"><net_src comp="28" pin="0"/><net_sink comp="180" pin=1"/></net>

<net id="190"><net_src comp="151" pin="4"/><net_sink comp="186" pin=0"/></net>

<net id="191"><net_src comp="34" pin="0"/><net_sink comp="186" pin=1"/></net>

<net id="198"><net_src comp="42" pin="0"/><net_sink comp="192" pin=0"/></net>

<net id="199"><net_src comp="151" pin="4"/><net_sink comp="192" pin=1"/></net>

<net id="200"><net_src comp="44" pin="0"/><net_sink comp="192" pin=2"/></net>

<net id="201"><net_src comp="46" pin="0"/><net_sink comp="192" pin=3"/></net>

<net id="206"><net_src comp="192" pin="4"/><net_sink comp="202" pin=0"/></net>

<net id="207"><net_src comp="48" pin="0"/><net_sink comp="202" pin=1"/></net>

<net id="212"><net_src comp="173" pin="4"/><net_sink comp="208" pin=0"/></net>

<net id="213"><net_src comp="50" pin="0"/><net_sink comp="208" pin=1"/></net>

<net id="218"><net_src comp="173" pin="4"/><net_sink comp="214" pin=0"/></net>

<net id="219"><net_src comp="34" pin="0"/><net_sink comp="214" pin=1"/></net>

<net id="223"><net_src comp="173" pin="4"/><net_sink comp="220" pin=0"/></net>

<net id="224"><net_src comp="220" pin="1"/><net_sink comp="95" pin=2"/></net>

<net id="225"><net_src comp="220" pin="1"/><net_sink comp="101" pin=2"/></net>

<net id="226"><net_src comp="220" pin="1"/><net_sink comp="117" pin=2"/></net>

<net id="227"><net_src comp="220" pin="1"/><net_sink comp="123" pin=2"/></net>

<net id="234"><net_src comp="52" pin="0"/><net_sink comp="228" pin=0"/></net>

<net id="235"><net_src comp="161" pin="4"/><net_sink comp="228" pin=1"/></net>

<net id="236"><net_src comp="44" pin="0"/><net_sink comp="228" pin=2"/></net>

<net id="237"><net_src comp="54" pin="0"/><net_sink comp="228" pin=3"/></net>

<net id="242"><net_src comp="228" pin="4"/><net_sink comp="238" pin=0"/></net>

<net id="243"><net_src comp="56" pin="0"/><net_sink comp="238" pin=1"/></net>

<net id="248"><net_src comp="158" pin="1"/><net_sink comp="244" pin=0"/></net>

<net id="249"><net_src comp="58" pin="0"/><net_sink comp="244" pin=1"/></net>

<net id="255"><net_src comp="244" pin="2"/><net_sink comp="250" pin=1"/></net>

<net id="256"><net_src comp="158" pin="1"/><net_sink comp="250" pin=2"/></net>

<net id="260"><net_src comp="250" pin="3"/><net_sink comp="257" pin=0"/></net>

<net id="264"><net_src comp="250" pin="3"/><net_sink comp="261" pin=0"/></net>

<net id="281"><net_src comp="68" pin="0"/><net_sink comp="275" pin=0"/></net>

<net id="282"><net_src comp="270" pin="3"/><net_sink comp="275" pin=2"/></net>

<net id="283"><net_src comp="265" pin="3"/><net_sink comp="275" pin=3"/></net>

<net id="284"><net_src comp="275" pin="4"/><net_sink comp="88" pin=2"/></net>

<net id="289"><net_src comp="158" pin="1"/><net_sink comp="285" pin=0"/></net>

<net id="290"><net_src comp="22" pin="0"/><net_sink comp="285" pin=1"/></net>

<net id="294"><net_src comp="180" pin="2"/><net_sink comp="291" pin=0"/></net>

<net id="298"><net_src comp="186" pin="2"/><net_sink comp="295" pin=0"/></net>

<net id="299"><net_src comp="295" pin="1"/><net_sink comp="151" pin=2"/></net>

<net id="303"><net_src comp="202" pin="2"/><net_sink comp="300" pin=0"/></net>

<net id="307"><net_src comp="208" pin="2"/><net_sink comp="304" pin=0"/></net>

<net id="311"><net_src comp="214" pin="2"/><net_sink comp="308" pin=0"/></net>

<net id="312"><net_src comp="308" pin="1"/><net_sink comp="173" pin=2"/></net>

<net id="316"><net_src comp="238" pin="2"/><net_sink comp="313" pin=0"/></net>

<net id="317"><net_src comp="313" pin="1"/><net_sink comp="250" pin=0"/></net>

<net id="321"><net_src comp="95" pin="3"/><net_sink comp="318" pin=0"/></net>

<net id="322"><net_src comp="318" pin="1"/><net_sink comp="112" pin=0"/></net>

<net id="326"><net_src comp="101" pin="3"/><net_sink comp="323" pin=0"/></net>

<net id="327"><net_src comp="323" pin="1"/><net_sink comp="107" pin=0"/></net>

<net id="331"><net_src comp="117" pin="3"/><net_sink comp="328" pin=0"/></net>

<net id="332"><net_src comp="328" pin="1"/><net_sink comp="112" pin=3"/></net>

<net id="336"><net_src comp="123" pin="3"/><net_sink comp="333" pin=0"/></net>

<net id="337"><net_src comp="333" pin="1"/><net_sink comp="107" pin=3"/></net>

<net id="341"><net_src comp="250" pin="3"/><net_sink comp="338" pin=0"/></net>

<net id="342"><net_src comp="338" pin="1"/><net_sink comp="161" pin=2"/></net>

<net id="346"><net_src comp="82" pin="2"/><net_sink comp="343" pin=0"/></net>

<net id="347"><net_src comp="343" pin="1"/><net_sink comp="275" pin=1"/></net>

<net id="348"><net_src comp="343" pin="1"/><net_sink comp="112" pin=4"/></net>

<net id="349"><net_src comp="343" pin="1"/><net_sink comp="107" pin=4"/></net>

<net id="353"><net_src comp="257" pin="1"/><net_sink comp="350" pin=0"/></net>

<net id="354"><net_src comp="350" pin="1"/><net_sink comp="265" pin=0"/></net>

<net id="355"><net_src comp="350" pin="1"/><net_sink comp="270" pin=0"/></net>

<net id="359"><net_src comp="107" pin="2"/><net_sink comp="356" pin=0"/></net>

<net id="360"><net_src comp="356" pin="1"/><net_sink comp="265" pin=1"/></net>

<net id="361"><net_src comp="356" pin="1"/><net_sink comp="270" pin=2"/></net>

<net id="365"><net_src comp="112" pin="2"/><net_sink comp="362" pin=0"/></net>

<net id="366"><net_src comp="362" pin="1"/><net_sink comp="265" pin=2"/></net>

<net id="367"><net_src comp="362" pin="1"/><net_sink comp="270" pin=1"/></net>

<net id="371"><net_src comp="261" pin="1"/><net_sink comp="368" pin=0"/></net>

<net id="375"><net_src comp="285" pin="2"/><net_sink comp="372" pin=0"/></net>

<net id="376"><net_src comp="372" pin="1"/><net_sink comp="139" pin=2"/></net>

</net_list>

</model> 
---------------- Datapath Model END ------------------

* FSMD analyzer results:
  - Output states:
	Port: in_stream_V_value_V | {}
	Port: slice_stream_V_value_V | {5 }
 - Input state : 
	Port: call_Loop_LB2D_buf_p : in_stream_V_value_V | {4 }
  - Chain level:
	State 1
	State 2
		tmp : 1
		row_1 : 1
		StgValue_19 : 2
		tmp_5 : 1
		icmp : 2
	State 3
		tmp_3 : 1
		col_1 : 1
		StgValue_30 : 2
		col_cast : 1
		tmp_7 : 1
		icmp1 : 2
		buffer_0_value_V_ad_2 : 2
		buffer_1_value_V_ad_1 : 2
		buffer_1_value_V_lo : 3
		buffer_0_value_V_lo : 3
		buffer_0_value_V_ad : 2
		buffer_1_value_V_ad : 2
	State 4
		p_write_idx_1_1 : 1
		tmp_8 : 2
		tmp_9 : 2
		StgValue_48 : 3
	State 5
		p_Result_s : 1
		StgValue_55 : 2
		empty_35 : 1
	State 6


============================================================
+ Verbose Summary: Datapath Resource usage 
============================================================

* Functional unit list:
|----------|--------------------------|---------|---------|
| Operation|      Functional Unit     |    FF   |   LUT   |
|----------|--------------------------|---------|---------|
|          |       row_1_fu_186       |    38   |    16   |
|    add   |       col_1_fu_214       |    38   |    16   |
|          |   write_idx_1_3_fu_244   |   197   |    69   |
|          |   write_idx_1_2_fu_285   |   197   |    69   |
|----------|--------------------------|---------|---------|
|          |  p_write_idx_1_1_fu_250  |    0    |    64   |
|  select  |  p_Val2_14_0_phi_fu_265  |    0    |    32   |
|          |  p_Val2_14_1_phi_fu_270  |    0    |    32   |
|----------|--------------------------|---------|---------|
|          |        tmp_fu_180        |    0    |    6    |
|   icmp   |        icmp_fu_202       |    0    |    5    |
|          |       tmp_3_fu_208       |    0    |    6    |
|          |       icmp1_fu_238       |    0    |    32   |
|----------|--------------------------|---------|---------|
|   read   | tmp_value_V_4_read_fu_82 |    0    |    0    |
|----------|--------------------------|---------|---------|
|   write  |  StgValue_55_write_fu_88 |    0    |    0    |
|----------|--------------------------|---------|---------|
|partselect|       tmp_5_fu_192       |    0    |    0    |
|          |       tmp_7_fu_228       |    0    |    0    |
|----------|--------------------------|---------|---------|
|   zext   |      col_cast_fu_220     |    0    |    0    |
|----------|--------------------------|---------|---------|
|   trunc  |       tmp_8_fu_257       |    0    |    0    |
|          |       tmp_9_fu_261       |    0    |    0    |
|----------|--------------------------|---------|---------|
|bitconcatenate|     p_Result_s_fu_275    |    0    |    0    |
|----------|--------------------------|---------|---------|
|   Total  |                          |   470   |   347   |
|----------|--------------------------|---------|---------|

Memories:
+----------------+--------+--------+--------+
|                |  BRAM  |   FF   |   LUT  |
+----------------+--------+--------+--------+
|buffer_0_value_V|    4   |    0   |    0   |
|buffer_1_value_V|    4   |    0   |    0   |
+----------------+--------+--------+--------+
|      Total     |    8   |    0   |    0   |
+----------------+--------+--------+--------+

* Register list:
+-----------------------------+--------+
|                             |   FF   |
+-----------------------------+--------+
|buffer_0_value_V_ad_2_reg_318|   11   |
| buffer_0_value_V_ad_reg_328 |   11   |
| buffer_0_value_V_lo_reg_362 |   32   |
|buffer_1_value_V_ad_1_reg_323|   11   |
| buffer_1_value_V_ad_reg_333 |   11   |
| buffer_1_value_V_lo_reg_356 |   32   |
|        col_1_reg_308        |   11   |
|         col_reg_169         |   11   |
|        icmp1_reg_313        |    1   |
|         icmp_reg_300        |    1   |
|   p_write_idx_1_1_reg_338   |   64   |
|        row_1_reg_295        |   11   |
|         row_reg_147         |   11   |
|        tmp_3_reg_304        |    1   |
|        tmp_8_reg_350        |    1   |
|        tmp_9_reg_368        |    1   |
|         tmp_reg_291         |    1   |
|    tmp_value_V_4_reg_343    |   32   |
|    write_idx_1_1_reg_158    |   64   |
|    write_idx_1_2_reg_372    |   64   |
|     write_idx_1_reg_135     |   64   |
+-----------------------------+--------+
|            Total            |   446  |
+-----------------------------+--------+

* Multiplexer (MUX) list: 
|---------------------|------|------|------|--------||---------||---------|
|         Comp        |  Pin | Size |  BW  | S x BW ||  Delay  ||   LUT   |
|---------------------|------|------|------|--------||---------||---------|
|  grp_access_fu_107  |  p0  |   2  |  11  |   22   ||    9    |
|  grp_access_fu_112  |  p0  |   2  |  11  |   22   ||    9    |
| write_idx_1_reg_135 |  p0  |   2  |  64  |   128  ||    9    |
|---------------------|------|------|------|--------||---------||---------|
|        Total        |      |      |      |   172  ||  4.764  ||    27   |
|---------------------|------|------|------|--------||---------||---------|



* Summary:
+-----------+--------+--------+--------+--------+
|           |  BRAM  |  Delay |   FF   |   LUT  |
+-----------+--------+--------+--------+--------+
|  Function |    -   |    -   |   470  |   347  |
|   Memory  |    8   |    -   |    0   |    0   |
|Multiplexer|    -   |    4   |    -   |   27   |
|  Register |    -   |    -   |   446  |    -   |
+-----------+--------+--------+--------+--------+
|   Total   |    8   |    4   |   916  |   374  |
+-----------+--------+--------+--------+--------+
