

================================================================
== Vivado HLS Report for 'call'
================================================================
* Date:           Mon Mar 16 18:02:58 2020

* Version:        2017.2 (Build 1909853 on Thu Jun 15 18:55:24 MDT 2017)
* Project:        conv2d_b2b
* Solution:       hls_target
* Product family: zynq
* Target device:  xc7z020clg484-1


================================================================
== Performance Estimates
================================================================
+ Timing (ns): 
    * Summary: 
    +--------+-------+----------+------------+
    |  Clock | Target| Estimated| Uncertainty|
    +--------+-------+----------+------------+
    |ap_clk  |   5.60|      5.87|        0.70|
    +--------+-------+----------+------------+

+ Latency (clock cycles): 
    * Summary: 
    +---------+---------+---------+---------+----------+
    |      Latency      |      Interval     | Pipeline |
    |   min   |   max   |   min   |   max   |   Type   |
    +---------+---------+---------+---------+----------+
    |  2077921|  2077921|  2077922|  2077922| dataflow |
    +---------+---------+---------+---------+----------+

    + Detail: 
        * Instance: 
        +-------------------------+----------------------+---------+---------+---------+---------+---------+
        |                         |                      |      Latency      |      Interval     | Pipeline|
        |         Instance        |        Module        |   min   |   max   |   min   |   max   |   Type  |
        +-------------------------+----------------------+---------+---------+---------+---------+---------+
        |call_Loop_LB2D_buf_p_U0  |call_Loop_LB2D_buf_p  |  2077921|  2077921|  2077921|  2077921|   none  |
        |call_Loop_LB2D_shift_U0  |call_Loop_LB2D_shift  |  2072995|  2072995|  2072995|  2072995|   none  |
        +-------------------------+----------------------+---------+---------+---------+---------+---------+

        * Loop: 
        N/A



================================================================
== Utilization Estimates
================================================================
* Summary: 
+-----------------+---------+-------+--------+-------+
|       Name      | BRAM_18K| DSP48E|   FF   |  LUT  |
+-----------------+---------+-------+--------+-------+
|DSP              |        -|      -|       -|      -|
|Expression       |        -|      -|       0|      4|
|FIFO             |        -|      -|       0|      1|
|Instance         |        8|      -|    1097|    641|
|Memory           |        -|      -|       -|      -|
|Multiplexer      |        -|      -|       -|      -|
|Register         |        -|      -|       -|      -|
+-----------------+---------+-------+--------+-------+
|Total            |        8|      0|    1097|    646|
+-----------------+---------+-------+--------+-------+
|Available        |      280|    220|  106400|  53200|
+-----------------+---------+-------+--------+-------+
|Utilization (%)  |        2|      0|       1|      1|
+-----------------+---------+-------+--------+-------+

+ Detail: 
    * Instance: 
    +-------------------------+----------------------+---------+-------+-----+-----+
    |         Instance        |        Module        | BRAM_18K| DSP48E|  FF | LUT |
    +-------------------------+----------------------+---------+-------+-----+-----+
    |call_Loop_LB2D_buf_p_U0  |call_Loop_LB2D_buf_p  |        8|      0|  787|  495|
    |call_Loop_LB2D_shift_U0  |call_Loop_LB2D_shift  |        0|      0|  310|  146|
    +-------------------------+----------------------+---------+-------+-----+-----+
    |Total                    |                      |        8|      0| 1097|  641|
    +-------------------------+----------------------+---------+-------+-----+-----+

    * DSP48: 
    N/A

    * Memory: 
    N/A

    * FIFO: 
    +------------------------+---------+---+----+------+-----+---------+
    |          Name          | BRAM_18K| FF| LUT| Depth| Bits| Size:D*B|
    +------------------------+---------+---+----+------+-----+---------+
    |slice_stream_V_value_U  |        0|  0|   1|     1|   96|       96|
    +------------------------+---------+---+----+------+-----+---------+
    |Total                   |        0|  0|   1|     1|   96|       96|
    +------------------------+---------+---+----+------+-----+---------+

    * Expression: 
    +--------------------------------------+----------+-------+---+----+------------+------------+
    |             Variable Name            | Operation| DSP48E| FF| LUT| Bitwidth P0| Bitwidth P1|
    +--------------------------------------+----------+-------+---+----+------------+------------+
    |ap_idle                               |    and   |      0|  0|   2|           1|           1|
    |call_Loop_LB2D_buf_p_U0_start_full_n  |    or    |      0|  0|   2|           1|           1|
    +--------------------------------------+----------+-------+---+----+------------+------------+
    |Total                                 |          |      0|  0|   4|           2|           2|
    +--------------------------------------+----------+-------+---+----+------------+------------+

    * Multiplexer: 
    N/A

    * Register: 
    N/A



================================================================
== Interface
================================================================
* Summary: 
+-----------------------------+-----+-----+------------+----------------------+--------------+
|          RTL Ports          | Dir | Bits|  Protocol  |     Source Object    |    C Type    |
+-----------------------------+-----+-----+------------+----------------------+--------------+
|in_stream_V_value_V_dout     |  in |   32|   ap_fifo  |  in_stream_V_value_V |    pointer   |
|in_stream_V_value_V_empty_n  |  in |    1|   ap_fifo  |  in_stream_V_value_V |    pointer   |
|in_stream_V_value_V_read     | out |    1|   ap_fifo  |  in_stream_V_value_V |    pointer   |
|out_stream_V_value_V_din     | out |  288|   ap_fifo  | out_stream_V_value_V |    pointer   |
|out_stream_V_value_V_full_n  |  in |    1|   ap_fifo  | out_stream_V_value_V |    pointer   |
|out_stream_V_value_V_write   | out |    1|   ap_fifo  | out_stream_V_value_V |    pointer   |
|ap_clk                       |  in |    1| ap_ctrl_hs |         call         | return value |
|ap_rst                       |  in |    1| ap_ctrl_hs |         call         | return value |
|ap_done                      | out |    1| ap_ctrl_hs |         call         | return value |
|ap_start                     |  in |    1| ap_ctrl_hs |         call         | return value |
|ap_ready                     | out |    1| ap_ctrl_hs |         call         | return value |
|ap_idle                      | out |    1| ap_ctrl_hs |         call         | return value |
|ap_continue                  |  in |    1| ap_ctrl_hs |         call         | return value |
+-----------------------------+-----+-----+------------+----------------------+--------------+

